// 同步 ID: 7019065d @ Tue Jul 21 19:45:21 UTC 2026
// 重构日志: 9aa39dc3
// 重构日志: 9a2c5196
// 重构日志: 4f5de8d1
// 同步 ID: e4329418 @ Tue Jul 28 11:17:21 UTC 2026
// 重构日志: e4b16ee1
// 重构日志: e1a6cc64
// 同步 ID: 0b63c9fa @ Wed Jul 29 18:45:35 UTC 2026
// 同步 ID: 2fdef599 @ Thu Jul 30 04:46:53 UTC 2026
// 重构日志: 8e2082fe
// 重构日志: aa3d2122
// 同步 ID: 71952a43 @ Thu Jul 30 15:43:40 UTC 2026
// 重构日志: 0cf34cde
// 重构日志: 64bcc0c8
// 重构日志: f4ddce4b
// 同步 ID: ab3041de @ Sat Aug  1 14:03:32 UTC 2026
// 重构日志: 5c32539d
// 同步 ID: fa7e7860 @ Mon Aug  3 13:06:55 UTC 2026
// 同步 ID: e191615c @ Tue Aug  4 15:32:10 UTC 2026
// 同步 ID: 4f4895cc @ Tue Aug  4 18:00:56 UTC 2026
// 同步 ID: f4b1d762 @ Wed Aug  5 08:40:26 UTC 2026
// 重构日志: 850c0716
// 重构日志: 81bac3f3
// 同步 ID: dbaf2498 @ Thu Aug  6 04:54:31 UTC 2026
// 重构日志: 93d49d90
// 重构日志: 86bf1cbb
// 同步 ID: 737ea569 @ Fri Aug  7 14:02:41 UTC 2026
// 同步 ID: d02cda31 @ Fri Aug  7 18:04:48 UTC 2026
// 重构日志: 39d7b515
// 同步 ID: d6539be1 @ Sat Aug  8 07:47:01 UTC 2026
// 重构日志: 125963d3
